<html>
<body>
<pre>
<h1>礦ision Build Log</h1>
<h2>Tool Versions:</h2>
IDE-Version: μVision V5.14.0.0
Copyright (C) 2015 ARM Ltd and ARM Germany GmbH. All rights reserved.
License Information: 111 BingBang, 111, LIC=----
 
Tool Versions:
Toolchain:       MDK-Lite  Version: 5.14.0.0
Toolchain Path:  E:\Keil_v5\ARM\ARMCC\Bin
C Compiler:      Armcc.exe V5.05 update 1 (build 106)
Assembler:       Armasm.exe V5.05 update 1 (build 106)
Linker/Locator:  ArmLink.exe V5.05 update 1 (build 106)
Library Manager: ArmAr.exe V5.05 update 1 (build 106)
Hex Converter:   FromElf.exe V5.05 update 1 (build 106)
CPU DLL:         SARMCM3.DLL V5.14.0.0
Dialog DLL:      DCM.DLL V1.13.1.0
Target DLL:      STLink\ST-LINKIII-KEIL_SWO.dll V2.0.14.0_KEIL
Dialog DLL:      TCM.DLL V1.14.4.0
 
<h2>Project:</h2>
E:\正点原子\【正点原子】探索者STM32F407开发板资料 资料盘(A盘)\4，程序源码\2，标准例程-库函数版本\实验12 OLED显示实验\USER\OLED.uvprojx
Project File Date:  04/15/2021

<h2>Output:</h2>
Build target 'OLED'
compiling main.c...
main.c(34): warning:  #167-D: argument of type "char *" is incompatible with parameter of type "const u8 *"
                OLED_ShowString(64,16,Identity,12); 
main.c(18): warning:  #550-D: variable "t" was set but never used
        u8 t=0;
main.c: 2 warnings, 0 errors
linking...
Program Size: Code=6826 RO-data=6510 RW-data=64 ZI-data=2856  
FromELF: creating hex file...
"..\OBJ\OLED.axf" - 0 Error(s), 2 Warning(s).

<h2>Collection of Component include folders:</h2>
  E:\正点原子\【正点原子】探索者STM32F407开发板资料 资料盘(A盘)\4，程序源码\2，标准例程-库函数版本\实验12 OLED显示实验\USER\RTE
  E:\Keil_v5\ARM\PACK\Keil\STM32F4xx_DFP\1.0.8\Device\Include

<h2>Collection of Component Files used:</h2>
</pre>
</body>
</html>
