<html>
<body>
<pre>
<h1>礦ision Build Log</h1>
<h2>Tool Versions:</h2>
IDE-Version: μVision V5.22.0.0
Copyright (C) 2016 ARM Ltd and ARM Germany GmbH. All rights reserved.
License Information: yun jacky29, nply, LIC=7YKZ9-4BCWS-ZENH2-9RZMP-4DUAU-AGK4B
 
Tool Versions:
Toolchain:       MDK-ARM Professional  Version: 5.22
Toolchain Path:  L:\Keil_v5\ARM\ARMCC\Bin
C Compiler:      Armcc.exe V5.06 update 4 (build 422)
Assembler:       Armasm.exe V5.06 update 4 (build 422)
Linker/Locator:  ArmLink.exe V5.06 update 4 (build 422)
Library Manager: ArmAr.exe V5.06 update 4 (build 422)
Hex Converter:   FromElf.exe V5.06 update 4 (build 422)
CPU DLL:         SARMCM3.DLL V5.22
Dialog DLL:      DARMSTM.DLL V1.67.0.0
Target DLL:      CMSIS_AGDI.dll V1.27.0.0
Dialog DLL:      TARMSTM.DLL V1.66.0.0
 
<h2>Project:</h2>
D:\STM\STM32F103C8T6最小系统资料包\AAA C8T6运行成功程序\mlx90614数码管显示小数\Template.uvproj
Project File Date:  06/09/2017

<h2>Output:</h2>
*** Using Compiler 'V5.06 update 4 (build 422)', folder: 'L:\Keil_v5\ARM\ARMCC\Bin'
Rebuild target 'Target 1'
compiling public.c...
compiling main.c...
compiling stm32f10x_it.c...
assembling startup_stm32f10x_hd.s...
compiling core_cm3.c...
compiling system_stm32f10x.c...
compiling stm32f10x_gpio.c...
compiling stm32f10x_rcc.c...
compiling stm32f10x_usart.c...
compiling misc.c...
compiling stm32f10x_exti.c...
compiling stm32f10x_tim.c...
compiling systick.c...
compiling exti.c...
compiling usart.c...
compiling mlx90614.c...
compiling TM1637.c...
compiling sys.c...
APP\sys\sys.c(43): warning:  #1-D: last line of file ends without a newline
  }
APP\sys\sys.c: 1 warning, 0 errors
linking...
Program Size: Code=10860 RO-data=336 RW-data=76 ZI-data=1028  
FromELF: creating hex file...
".\output\工程模板.axf" - 0 Error(s), 1 Warning(s).
Build Time Elapsed:  00:00:03
</pre>
</body>
</html>
