<html>
<body>
<pre>
<h1>礦ision Build Log</h1>
<h2>Tool Versions:</h2>
IDE-Version: μVision V5.14.0.0
Copyright (C) 2015 ARM Ltd and ARM Germany GmbH. All rights reserved.
License Information: 111 BingBang, 111, LIC=----
 
Tool Versions:
Toolchain:       MDK-Lite  Version: 5.14.0.0
Toolchain Path:  E:\Keil_v5\ARM\ARMCC\Bin
C Compiler:      Armcc.exe V5.05 update 1 (build 106)
Assembler:       Armasm.exe V5.05 update 1 (build 106)
Linker/Locator:  ArmLink.exe V5.05 update 1 (build 106)
Library Manager: ArmAr.exe V5.05 update 1 (build 106)
Hex Converter:   FromElf.exe V5.05 update 1 (build 106)
CPU DLL:         SARMCM3.DLL V5.14.0.0
Dialog DLL:      DCM.DLL V1.13.1.0
Target DLL:      STLink\ST-LINKIII-KEIL_SWO.dll V2.0.14.0_KEIL
Dialog DLL:      TCM.DLL V1.14.4.0
 
<h2>Project:</h2>
C:\Users\BingBang\Desktop\毕业设计\stm32部分\STM32F407-ALL\USER\USART.uvprojx
Project File Date:  04/18/2021

<h2>Output:</h2>
Build target 'USART'
compiling main.c...
main.c(15): warning:  #177-D: variable "times" was declared but never referenced
        u16 times=30; // 串口
main.c(17): warning:  #177-D: variable "X_error" was declared but never referenced
        int X_error=1000,Y_error=1000,Temp=0;//X_error、Y_error为舵机双自由度偏差值；Temp为测量体温
main.c(17): warning:  #177-D: variable "Y_error" was declared but never referenced
        int X_error=1000,Y_error=1000,Temp=0;//X_error、Y_error为舵机双自由度偏差值；Temp为测量体温
main.c(17): warning:  #177-D: variable "Temp" was declared but never referenced
        int X_error=1000,Y_error=1000,Temp=0;//X_error、Y_error为舵机双自由度偏差值；Temp为测量体温
main.c(18): warning:  #177-D: variable "Identity" was declared but never referenced
    char Identity[10]=""; // 字符串定义
main.c(22): warning:  #177-D: variable "key" was declared but never referenced
    u8 key;             //保存键值
main.c: 6 warnings, 0 errors
linking...
Program Size: Code=7116 RO-data=6504 RW-data=28 ZI-data=2860  
FromELF: creating hex file...
"..\OBJ\USART.axf" - 0 Error(s), 6 Warning(s).

<h2>Collection of Component include folders:</h2>
  C:\Users\BingBang\Desktop\毕业设计\stm32部分\STM32F407-ALL\USER\RTE
  E:\Keil_v5\ARM\PACK\Keil\STM32F4xx_DFP\1.0.8\Device\Include

<h2>Collection of Component Files used:</h2>
</pre>
</body>
</html>
